win10@cp-01 MINGW64 ~/Desktop/test
$ git init
Initialized empty Git repository in C:/Users/win10/Desktop/test/.git/

win10@cp-01 MINGW64 ~/Desktop/test (master)
$ git status
On branch master

No commits yet

Untracked files:
  (use "git add <file>..." to include in what will be committed)
        testing.txt

nothing added to commit but untracked files present (use "git add" to track)

win10@cp-01 MINGW64 ~/Desktop/test (master)
$ git add .

win10@cp-01 MINGW64 ~/Desktop/test (master)
$ git status
On branch master

No commits yet

Changes to be committed:
  (use "git rm --cached <file>..." to unstage)
        new file:   testing.txt


win10@cp-01 MINGW64 ~/Desktop/test (master)
$ git config add user.name = "Sub-277"
usage: git config [<options>]

Config file location
    --[no-]global         use global config file
    --[no-]system         use system config file
    --[no-]local          use repository config file
    --[no-]worktree       use per-worktree config file
    -f, --[no-]file <file>
                          use given config file
    --[no-]blob <blob-id> read config from given blob object

Action
    --[no-]get            get value: name [value-pattern]
    --[no-]get-all        get all values: key [value-pattern]
    --[no-]get-regexp     get values for regexp: name-regex [value-pattern]
    --[no-]get-urlmatch   get value specific for the URL: section[.var] URL
    --[no-]replace-all    replace all matching variables: name value [value-pattern]
    --[no-]add            add a new variable: name value
    --[no-]unset          remove a variable: name [value-pattern]
    --[no-]unset-all      remove all matches: name [value-pattern]
    --[no-]rename-section rename section: old-name new-name
    --[no-]remove-section remove a section: name
    -l, --[no-]list       list all
    --[no-]fixed-value    use string equality when comparing values to 'value-pattern'
    -e, --[no-]edit       open an editor
    --[no-]get-color      find the color configured: slot [default]
    --[no-]get-colorbool  find the color setting: slot [stdout-is-tty]

Type
    -t, --[no-]type <type>
                          value is given this type
    --bool                value is "true" or "false"
    --int                 value is decimal number
    --bool-or-int         value is --bool or --int
    --bool-or-str         value is --bool or string
    --path                value is a path (file or directory name)
    --expiry-date         value is an expiry date

Other
    -z, --[no-]null       terminate values with NUL byte
    --[no-]name-only      show variable names only
    --[no-]includes       respect include directives on lookup
    --[no-]show-origin    show origin of config (file, standard input, blob, command line)
    --[no-]show-scope     show scope of config (worktree, local, global, system, command)
    --[no-]default <value>
                          with --get, use default value when missing entry
    --[no-]comment <value>
                          human-readable comment string (# will be prepended as needed)


win10@cp-01 MINGW64 ~/Desktop/test (master)
$ git config --global user.name = "Sub-277"

win10@cp-01 MINGW64 ~/Desktop/test (master)
$ git config --global user.email = "paulsubarna15@gmail.com"

win10@cp-01 MINGW64 ~/Desktop/test (master)
$

win10@cp-01 MINGW64 ~/Desktop/test (master)
$ git remote add origin
usage: git remote add [<options>] <name> <url>

    -f, --[no-]fetch      fetch the remote branches
    --[no-]tags           import all tags and associated objects when fetching
                          or do not fetch any tag at all (--no-tags)
    -t, --[no-]track <branch>
                          branch(es) to track
    -m, --[no-]master <branch>
                          master branch
    --[no-]mirror[=(push|fetch)]
                          set up remote as a mirror to push to or fetch from


win10@cp-01 MINGW64 ~/Desktop/test (master)
$ git remote add origin https://github.com/Sub-277/test.git

win10@cp-01 MINGW64 ~/Desktop/test (master)
$ git status
On branch master

No commits yet

Changes to be committed:
  (use "git rm --cached <file>..." to unstage)
        new file:   testing.txt


win10@cp-01 MINGW64 ~/Desktop/test (master)
$ git branch -M main

win10@cp-01 MINGW64 ~/Desktop/test (main)
$ git branch

win10@cp-01 MINGW64 ~/Desktop/test (main)
$ git checkout
fatal: You are on a branch yet to be born

win10@cp-01 MINGW64 ~/Desktop/test (main)
$ git commit -m "Added: A testing test file for Anuraaga is added."
[main (root-commit) 192c464] Added: A testing test file for Anuraaga is added.
 1 file changed, 0 insertions(+), 0 deletions(-)
 create mode 100644 testing.txt

win10@cp-01 MINGW64 ~/Desktop/test (main)
$ git status
On branch main
nothing to commit, working tree clean

win10@cp-01 MINGW64 ~/Desktop/test (main)
$ git push origin main
Enumerating objects: 3, done.
Counting objects: 100% (3/3), done.
Writing objects: 100% (3/3), 217 bytes | 217.00 KiB/s, done.
Total 3 (delta 0), reused 0 (delta 0), pack-reused 0 (from 0)
To https://github.com/Sub-277/test.git
 * [new branch]      main -> main

win10@cp-01 MINGW64 ~/Desktop/test (main)
$ git log
commit 192c46462b805932a9a4fd40407befddc862580b (HEAD -> main, origin/main)
Author: = <=>
Date:   Tue Jul 23 13:09:18 2024 +0530

    Added: A testing test file for Anuraaga is added.

win10@cp-01 MINGW64 ~/Desktop/test (main)
$




win10@cp-01 MINGW64 ~/Desktop/Project101 (main)
$ git checkout -b Subarna
Switched to a new branch 'Subarna'

win10@cp-01 MINGW64 ~/Desktop/Project101 (Subarna)
$ git branch
* Subarna
  main

win10@cp-01 MINGW64 ~/Desktop/Project101 (Subarna)
$ git checkout main
Switched to branch 'main'
Your branch is up to date with 'origin/main'.

win10@cp-01 MINGW64 ~/Desktop/Project101 (main)
$ ls
information.pdf  newtest.txt

win10@cp-01 MINGW64 ~/Desktop/Project101 (main)
$ git checkout Subarna
Switched to branch 'Subarna'

win10@cp-01 MINGW64 ~/Desktop/Project101 (Subarna)
$ ls
information.pdf  newtest.txt

win10@cp-01 MINGW64 ~/Desktop/Project101 (Subarna)
$ git add -A

win10@cp-01 MINGW64 ~/Desktop/Project101 (Subarna)
$ git commit -m "Added: Added a new text file newtest"
[Subarna 9a3fb57] Added: Added a new text file newtest
 1 file changed, 0 insertions(+), 0 deletions(-)
 create mode 100644 newtest.txt

win10@cp-01 MINGW64 ~/Desktop/Project101 (Subarna)
$ git push origin Subarna
Enumerating objects: 4, done.
Counting objects: 100% (4/4), done.
Delta compression using up to 12 threads
Compressing objects: 100% (2/2), done.
Writing objects: 100% (3/3), 280 bytes | 280.00 KiB/s, done.
Total 3 (delta 0), reused 0 (delta 0), pack-reused 0 (from 0)
remote:
remote: Create a pull request for 'Subarna' on GitHub by visiting:
remote:      https://github.com/Sub-277/Project101/pull/new/Subarna
remote:
To https://github.com/Sub-277/Project101.git
 * [new branch]      Subarna -> Subarna

win10@cp-01 MINGW64 ~/Desktop/Project101 (Subarna)
$ https://github.com/Sub-277/Project101.githttps://github.com/Sub-277/Project101.githttps://github.com/Sub-277/Project101.githttps://github.com/Sub-277/Project101.git
